{
  "version": "1.5.0",
  "plugins_used": [
    {
      "name": "ArtifactoryDetector"
    },
    {
      "name": "AWSKeyDetector"
    },
    {
      "name": "AzureStorageKeyDetector"
    },
    {
      "name": "Base64HighEntropyString",
      "limit": 4.5
    },
    {
      "name": "BasicAuthDetector"
    },
    {
      "name": "CloudantDetector"
    },
    {
      "name": "DiscordBotTokenDetector"
    },
    {
      "name": "GitHubTokenDetector"
    },
    {
      "name": "GitLabTokenDetector"
    },
    {
      "name": "HexHighEntropyString",
      "limit": 3.0
    },
    {
      "name": "IbmCloudIamDetector"
    },
    {
      "name": "IbmCosHmacDetector"
    },
    {
      "name": "IPPublicDetector"
    },
    {
      "name": "JwtTokenDetector"
    },
    {
      "name": "KeywordDetector",
      "keyword_exclude": ""
    },
    {
      "name": "MailchimpDetector"
    },
    {
      "name": "NpmDetector"
    },
    {
      "name": "OpenAIDetector"
    },
    {
      "name": "PrivateKeyDetector"
    },
    {
      "name": "PypiTokenDetector"
    },
    {
      "name": "SendGridDetector"
    },
    {
      "name": "SlackDetector"
    },
    {
      "name": "SoftlayerDetector"
    },
    {
      "name": "SquareOAuthDetector"
    },
    {
      "name": "StripeDetector"
    },
    {
      "name": "TelegramBotTokenDetector"
    },
    {
      "name": "TwilioKeyDetector"
    }
  ],
  "filters_used": [
    {
      "path": "detect_secrets.filters.allowlist.is_line_allowlisted"
    },
    {
      "path": "detect_secrets.filters.common.is_baseline_file",
      "filename": ".secrets.baseline"
    },
    {
      "path": "detect_secrets.filters.common.is_ignored_due_to_verification_policies",
      "min_level": 2
    },
    {
      "path": "detect_secrets.filters.heuristic.is_indirect_reference"
    },
    {
      "path": "detect_secrets.filters.heuristic.is_likely_id_string"
    },
    {
      "path": "detect_secrets.filters.heuristic.is_lock_file"
    },
    {
      "path": "detect_secrets.filters.heuristic.is_not_alphanumeric_string"
    },
    {
      "path": "detect_secrets.filters.heuristic.is_potential_uuid"
    },
    {
      "path": "detect_secrets.filters.heuristic.is_prefixed_with_dollar_sign"
    },
    {
      "path": "detect_secrets.filters.heuristic.is_sequential_string"
    },
    {
      "path": "detect_secrets.filters.heuristic.is_swagger_file"
    },
    {
      "path": "detect_secrets.filters.heuristic.is_templated_secret"
    },
    {
      "path": "detect_secrets.filters.regex.should_exclude_file",
      "pattern": [
        "^(uv\\.lock|tests/fixtures/pii_corpus\\.jsonl)$"
      ]
    }
  ],
  "results": {
    "config\\models.yaml": [
      {
        "type": "Secret Keyword",
        "filename": "config\\models.yaml",
        "hashed_secret": "9cb9705654780583ea7f3f33c0366ab44e15752d",
        "is_verified": false,
        "line_number": 11
      },
      {
        "type": "Secret Keyword",
        "filename": "config\\models.yaml",
        "hashed_secret": "b15c573bc06946737f2f76b918f8cc7730d066df",
        "is_verified": false,
        "line_number": 63
      },
      {
        "type": "Secret Keyword",
        "filename": "config\\models.yaml",
        "hashed_secret": "5211aec2cae524adf0dd3dd28c829adfe1863b7f",
        "is_verified": false,
        "line_number": 143
      },
      {
        "type": "Secret Keyword",
        "filename": "config\\models.yaml",
        "hashed_secret": "1067aa4cc2a8f4b8ecc9dbd20a17e666273e324a",
        "is_verified": false,
        "line_number": 149
      }
    ],
    "docs\\impl\\00-foundation.impl.md": [
      {
        "type": "Secret Keyword",
        "filename": "docs\\impl\\00-foundation.impl.md",
        "hashed_secret": "1b898e9644353b5250047ba36b9af4a1e7fe3058",
        "is_verified": false,
        "line_number": 1443,
        "is_secret": false
      },
      {
        "type": "Secret Keyword",
        "filename": "docs\\impl\\00-foundation.impl.md",
        "hashed_secret": "2f4037e533be1ae726f10e72d10a84622456148b",
        "is_verified": false,
        "line_number": 1966,
        "is_secret": false
      }
    ],
    "docs\\impl\\01-connectors.impl.md": [
      {
        "type": "Secret Keyword",
        "filename": "docs\\impl\\01-connectors.impl.md",
        "hashed_secret": "1a1fd4385abe1fc97802ecb15fcc925c2bc9475d",
        "is_verified": false,
        "line_number": 3540,
        "is_secret": false
      }
    ],
    "docs\\impl\\03-enrichment.impl.md": [
      {
        "type": "Secret Keyword",
        "filename": "docs\\impl\\03-enrichment.impl.md",
        "hashed_secret": "5211aec2cae524adf0dd3dd28c829adfe1863b7f",
        "is_verified": false,
        "line_number": 3604,
        "is_secret": false
      }
    ],
    "docs\\impl\\05-harness-core.impl.md": [
      {
        "type": "Secret Keyword",
        "filename": "docs\\impl\\05-harness-core.impl.md",
        "hashed_secret": "b15c573bc06946737f2f76b918f8cc7730d066df",
        "is_verified": false,
        "line_number": 2646
      }
    ],
    "docs\\impl\\08-resilience-and-jobs.impl.md": [
      {
        "type": "Secret Keyword",
        "filename": "docs\\impl\\08-resilience-and-jobs.impl.md",
        "hashed_secret": "d157bdd1a47c1040ff8a6b9de9de7002909f292c",
        "is_verified": false,
        "line_number": 2385,
        "is_secret": false
      },
      {
        "type": "Secret Keyword",
        "filename": "docs\\impl\\08-resilience-and-jobs.impl.md",
        "hashed_secret": "5e4b5976e222b119b7c970c8de6f99d8cb2718b9",
        "is_verified": false,
        "line_number": 3024,
        "is_secret": false
      }
    ],
    "docs\\impl\\09-outputs-and-cli.impl.md": [
      {
        "type": "Secret Keyword",
        "filename": "docs\\impl\\09-outputs-and-cli.impl.md",
        "hashed_secret": "df86b661f148325b3d0dbb5a795b1fcd7d19605f",
        "is_verified": false,
        "line_number": 94,
        "is_secret": false
      },
      {
        "type": "Secret Keyword",
        "filename": "docs\\impl\\09-outputs-and-cli.impl.md",
        "hashed_secret": "0bf08535e9593d70ffa78d4be021235ad3493e69",
        "is_verified": false,
        "line_number": 2624,
        "is_secret": false
      },
      {
        "type": "Secret Keyword",
        "filename": "docs\\impl\\09-outputs-and-cli.impl.md",
        "hashed_secret": "c3da8befa1766676dc4d900b2aac601000b6a522",
        "is_verified": false,
        "line_number": 4027,
        "is_secret": false
      }
    ],
    "docs\\impl\\10-config-security-deployment.impl.md": [
      {
        "type": "Secret Keyword",
        "filename": "docs\\impl\\10-config-security-deployment.impl.md",
        "hashed_secret": "d170420249aa329431f4d2c08b733b231d153694",
        "is_verified": false,
        "line_number": 320,
        "is_secret": false
      },
      {
        "type": "Secret Keyword",
        "filename": "docs\\impl\\10-config-security-deployment.impl.md",
        "hashed_secret": "042e22f1383fee156132bb051a9087198a94d814",
        "is_verified": false,
        "line_number": 762,
        "is_secret": false
      },
      {
        "type": "Secret Keyword",
        "filename": "docs\\impl\\10-config-security-deployment.impl.md",
        "hashed_secret": "bc3da71942f8815194d00e407513951c896d7bc9",
        "is_verified": false,
        "line_number": 1721,
        "is_secret": false
      },
      {
        "type": "Secret Keyword",
        "filename": "docs\\impl\\10-config-security-deployment.impl.md",
        "hashed_secret": "a565e7d3e7de5910874cca2463e435fff24dfe8e",
        "is_verified": false,
        "line_number": 2185,
        "is_secret": false
      },
      {
        "type": "Secret Keyword",
        "filename": "docs\\impl\\10-config-security-deployment.impl.md",
        "hashed_secret": "ac5b3a86b172de284647733c1db9b0898662cb14",
        "is_verified": false,
        "line_number": 2576,
        "is_secret": false
      },
      {
        "type": "Secret Keyword",
        "filename": "docs\\impl\\10-config-security-deployment.impl.md",
        "hashed_secret": "bf1555ac6f720c21c3e8d918245d5ecb516d39a9",
        "is_verified": false,
        "line_number": 3117,
        "is_secret": false
      }
    ],
    "docs\\specs\\05-harness-core.md": [
      {
        "type": "Secret Keyword",
        "filename": "docs\\specs\\05-harness-core.md",
        "hashed_secret": "9cb9705654780583ea7f3f33c0366ab44e15752d",
        "is_verified": false,
        "line_number": 644,
        "is_secret": false
      },
      {
        "type": "Secret Keyword",
        "filename": "docs\\specs\\05-harness-core.md",
        "hashed_secret": "b15c573bc06946737f2f76b918f8cc7730d066df",
        "is_verified": false,
        "line_number": 672,
        "is_secret": false
      }
    ],
    "docs\\specs\\10-config-security-deployment.md": [
      {
        "type": "Secret Keyword",
        "filename": "docs\\specs\\10-config-security-deployment.md",
        "hashed_secret": "7eb22903e0f3bebd0f7a9a0a6e5197ab132b7ab2",
        "is_verified": false,
        "line_number": 268,
        "is_secret": false
      },
      {
        "type": "Secret Keyword",
        "filename": "docs\\specs\\10-config-security-deployment.md",
        "hashed_secret": "e047504256fb3b57942e3a13ddd7b8466097389b",
        "is_verified": false,
        "line_number": 683,
        "is_secret": false
      }
    ],
    "herness\\enrich\\settings.py": [
      {
        "type": "Secret Keyword",
        "filename": "herness\\enrich\\settings.py",
        "hashed_secret": "5211aec2cae524adf0dd3dd28c829adfe1863b7f",
        "is_verified": false,
        "line_number": 339
      },
      {
        "type": "Secret Keyword",
        "filename": "herness\\enrich\\settings.py",
        "hashed_secret": "1067aa4cc2a8f4b8ecc9dbd20a17e666273e324a",
        "is_verified": false,
        "line_number": 353
      }
    ],
    "tests\\fixtures\\result_hash_vectors.json": [
      {
        "type": "Hex High Entropy String",
        "filename": "tests\\fixtures\\result_hash_vectors.json",
        "hashed_secret": "351a7b73ca0cf3b9c3a93c0f2b5dd6ece1b62efa",
        "is_verified": false,
        "line_number": 20
      },
      {
        "type": "Hex High Entropy String",
        "filename": "tests\\fixtures\\result_hash_vectors.json",
        "hashed_secret": "8fe6f47ac336f83c9f842a5e4a826ccb420b615d",
        "is_verified": false,
        "line_number": 64
      },
      {
        "type": "Hex High Entropy String",
        "filename": "tests\\fixtures\\result_hash_vectors.json",
        "hashed_secret": "82d4a7150b1454f559dacfe29f4f16d25f6306dd",
        "is_verified": false,
        "line_number": 88
      },
      {
        "type": "Hex High Entropy String",
        "filename": "tests\\fixtures\\result_hash_vectors.json",
        "hashed_secret": "ce93bd906d6abe8d184447bacbc7c992a4b0700b",
        "is_verified": false,
        "line_number": 107
      },
      {
        "type": "Hex High Entropy String",
        "filename": "tests\\fixtures\\result_hash_vectors.json",
        "hashed_secret": "270638625fdbdb4765a3488512e8786f2734ff7c",
        "is_verified": false,
        "line_number": 128
      },
      {
        "type": "Hex High Entropy String",
        "filename": "tests\\fixtures\\result_hash_vectors.json",
        "hashed_secret": "6784f4f98499809b9718a7042d8ab8b32b4bd6ba",
        "is_verified": false,
        "line_number": 159
      },
      {
        "type": "Hex High Entropy String",
        "filename": "tests\\fixtures\\result_hash_vectors.json",
        "hashed_secret": "eb447fdea6920b2e8fbab01407f00210634fe606",
        "is_verified": false,
        "line_number": 176
      },
      {
        "type": "Hex High Entropy String",
        "filename": "tests\\fixtures\\result_hash_vectors.json",
        "hashed_secret": "b95c4d3437f6aa77e689c8d4a1d879d8ea4a30b9",
        "is_verified": false,
        "line_number": 199
      },
      {
        "type": "Hex High Entropy String",
        "filename": "tests\\fixtures\\result_hash_vectors.json",
        "hashed_secret": "7a21eff7fdb7195ddebf7aa3b04e8ce11b7e780f",
        "is_verified": false,
        "line_number": 227
      },
      {
        "type": "Hex High Entropy String",
        "filename": "tests\\fixtures\\result_hash_vectors.json",
        "hashed_secret": "db10736099159d4fb4aa2a9fc34df65c94a8f6bb",
        "is_verified": false,
        "line_number": 248
      },
      {
        "type": "Hex High Entropy String",
        "filename": "tests\\fixtures\\result_hash_vectors.json",
        "hashed_secret": "db7a7ee376e8efb8ac8b1bc0c054a1889b0e8c98",
        "is_verified": false,
        "line_number": 279
      },
      {
        "type": "Hex High Entropy String",
        "filename": "tests\\fixtures\\result_hash_vectors.json",
        "hashed_secret": "a4bfb489a4ea07ef1db1d397b529f21a5f032685",
        "is_verified": false,
        "line_number": 306
      },
      {
        "type": "Hex High Entropy String",
        "filename": "tests\\fixtures\\result_hash_vectors.json",
        "hashed_secret": "10f42b36b3e7eb47a7b8db5521382cee92a68795",
        "is_verified": false,
        "line_number": 325
      },
      {
        "type": "Hex High Entropy String",
        "filename": "tests\\fixtures\\result_hash_vectors.json",
        "hashed_secret": "7f48afeecae93b276fb1e3902893cba0d065f91e",
        "is_verified": false,
        "line_number": 340
      },
      {
        "type": "Hex High Entropy String",
        "filename": "tests\\fixtures\\result_hash_vectors.json",
        "hashed_secret": "33065d40c91b0bff0431863205bc19bbd79e86ee",
        "is_verified": false,
        "line_number": 355
      },
      {
        "type": "Hex High Entropy String",
        "filename": "tests\\fixtures\\result_hash_vectors.json",
        "hashed_secret": "34ffef6724ce3f47a40a34633ece9b79d7908e54",
        "is_verified": false,
        "line_number": 376
      },
      {
        "type": "Hex High Entropy String",
        "filename": "tests\\fixtures\\result_hash_vectors.json",
        "hashed_secret": "3fd8a18958d0e9ba0341f3f58ddc151bd585d016",
        "is_verified": false,
        "line_number": 404
      },
      {
        "type": "Hex High Entropy String",
        "filename": "tests\\fixtures\\result_hash_vectors.json",
        "hashed_secret": "27e9dda09569b03d14982e33e4e8b8155455bb8b",
        "is_verified": false,
        "line_number": 423
      },
      {
        "type": "Hex High Entropy String",
        "filename": "tests\\fixtures\\result_hash_vectors.json",
        "hashed_secret": "9c3af3d81b44452ee72c4f577de80a11e2cc09af",
        "is_verified": false,
        "line_number": 442
      },
      {
        "type": "Hex High Entropy String",
        "filename": "tests\\fixtures\\result_hash_vectors.json",
        "hashed_secret": "731973840df7a3be177cd76bb066e2ea919696b1",
        "is_verified": false,
        "line_number": 465
      }
    ],
    "tests\\security\\test_st10_audit.py": [
      {
        "type": "Hex High Entropy String",
        "filename": "tests\\security\\test_st10_audit.py",
        "hashed_secret": "6745fa570d36be08400efa1cbc2f057bb001290e",
        "is_verified": false,
        "line_number": 23
      },
      {
        "type": "Secret Keyword",
        "filename": "tests\\security\\test_st10_audit.py",
        "hashed_secret": "5984aa82473baa011ce5db52abfb456cd136f493",
        "is_verified": false,
        "line_number": 24
      }
    ],
    "tests\\security\\test_st10_secrets.py": [
      {
        "type": "Base64 High Entropy String",
        "filename": "tests\\security\\test_st10_secrets.py",
        "hashed_secret": "66ff5710d254487fa87c520aa8387c8186f2bc1a",
        "is_verified": false,
        "line_number": 35
      }
    ],
    "tests\\unit\\connectors\\test_settings_base_models.py": [
      {
        "type": "Basic Auth Credentials",
        "filename": "tests\\unit\\connectors\\test_settings_base_models.py",
        "hashed_secret": "a28903612e5a98f5b8ec1fa9c90d44db7a809be8",
        "is_verified": false,
        "line_number": 204,
        "is_secret": false
      }
    ],
    "tests\\unit\\core\\fixtures\\resilience.yaml": [
      {
        "type": "Secret Keyword",
        "filename": "tests\\unit\\core\\fixtures\\resilience.yaml",
        "hashed_secret": "5211aec2cae524adf0dd3dd28c829adfe1863b7f",
        "is_verified": false,
        "line_number": 58
      }
    ],
    "tests\\unit\\core\\resilience\\test_resilience_settings.py": [
      {
        "type": "Secret Keyword",
        "filename": "tests\\unit\\core\\resilience\\test_resilience_settings.py",
        "hashed_secret": "5211aec2cae524adf0dd3dd28c829adfe1863b7f",
        "is_verified": false,
        "line_number": 27
      },
      {
        "type": "Secret Keyword",
        "filename": "tests\\unit\\core\\resilience\\test_resilience_settings.py",
        "hashed_secret": "350af29c1f1aa738466eaaad39e495d775030fbe",
        "is_verified": false,
        "line_number": 175
      }
    ],
    "tests\\unit\\core\\test_audit.py": [
      {
        "type": "Hex High Entropy String",
        "filename": "tests\\unit\\core\\test_audit.py",
        "hashed_secret": "b1775a785f09a6ebaf2dc33d6eaeb98974d9cdb8",
        "is_verified": false,
        "line_number": 31
      },
      {
        "type": "Secret Keyword",
        "filename": "tests\\unit\\core\\test_audit.py",
        "hashed_secret": "3c730dde06f18ff898cfc6e323030b6f0199b63a",
        "is_verified": false,
        "line_number": 33
      }
    ],
    "tests\\unit\\core\\test_config_hash.py": [
      {
        "type": "Secret Keyword",
        "filename": "tests\\unit\\core\\test_config_hash.py",
        "hashed_secret": "68c46e84d76d2e7e686e5158bf598909abd4e45b",
        "is_verified": false,
        "line_number": 277
      },
      {
        "type": "Secret Keyword",
        "filename": "tests\\unit\\core\\test_config_hash.py",
        "hashed_secret": "46bc4a0ad5dbf26fcf4755df29a75d8366a7209b",
        "is_verified": false,
        "line_number": 279
      }
    ],
    "tests\\unit\\core\\test_config_settings_deploy.py": [
      {
        "type": "Hex High Entropy String",
        "filename": "tests\\unit\\core\\test_config_settings_deploy.py",
        "hashed_secret": "158b484ae1f6f64f89da22397d25fbdafad02252",
        "is_verified": false,
        "line_number": 14
      }
    ],
    "tests\\unit\\core\\test_config_sources.py": [
      {
        "type": "Secret Keyword",
        "filename": "tests\\unit\\core\\test_config_sources.py",
        "hashed_secret": "c6b1882c749165f455d1ad94c1081d3dfeded309",
        "is_verified": false,
        "line_number": 379
      }
    ],
    "tests\\unit\\core\\test_redact_patterns.py": [
      {
        "type": "Private Key",
        "filename": "tests\\unit\\core\\test_redact_patterns.py",
        "hashed_secret": "be4fc4886bd949b369d5e092eb87494f12e57e5b",
        "is_verified": false,
        "line_number": 100
      },
      {
        "type": "AWS Access Key",
        "filename": "tests\\unit\\core\\test_redact_patterns.py",
        "hashed_secret": "abac545fc3bf803134bc8f78fb6160a5c6a87b26",
        "is_verified": false,
        "line_number": 110
      },
      {
        "type": "Basic Auth Credentials",
        "filename": "tests\\unit\\core\\test_redact_patterns.py",
        "hashed_secret": "78c87b0ed4de64f81776a289f8ccefe1d477ee01",
        "is_verified": false,
        "line_number": 115
      },
      {
        "type": "Private Key",
        "filename": "tests\\unit\\core\\test_redact_patterns.py",
        "hashed_secret": "1348b145fa1a555461c1b790a2f66614781091e9",
        "is_verified": false,
        "line_number": 286
      },
      {
        "type": "Private Key",
        "filename": "tests\\unit\\core\\test_redact_patterns.py",
        "hashed_secret": "f0778f3e140a61d5bbbed5430773e52af2f5fba4",
        "is_verified": false,
        "line_number": 287
      }
    ],
    "tests\\unit\\core\\test_secrets.py": [
      {
        "type": "Hex High Entropy String",
        "filename": "tests\\unit\\core\\test_secrets.py",
        "hashed_secret": "b1775a785f09a6ebaf2dc33d6eaeb98974d9cdb8",
        "is_verified": false,
        "line_number": 24
      },
      {
        "type": "Secret Keyword",
        "filename": "tests\\unit\\core\\test_secrets.py",
        "hashed_secret": "c51bb1abf3484fb7debab51e650ffe8a9cb21a5b",
        "is_verified": false,
        "line_number": 111
      },
      {
        "type": "Secret Keyword",
        "filename": "tests\\unit\\core\\test_secrets.py",
        "hashed_secret": "b3511debb778c2ff2a901c2aed66f84dd85fdadb",
        "is_verified": false,
        "line_number": 187
      },
      {
        "type": "Base64 High Entropy String",
        "filename": "tests\\unit\\core\\test_secrets.py",
        "hashed_secret": "f2998aa1b55f2657845eeb7bdc72ab995e21ce17",
        "is_verified": false,
        "line_number": 361
      }
    ],
    "tests\\unit\\core\\test_types_harness_llm.py": [
      {
        "type": "Secret Keyword",
        "filename": "tests\\unit\\core\\test_types_harness_llm.py",
        "hashed_secret": "13951588fd3325e25ed1e3b116d7009fb221c85e",
        "is_verified": false,
        "line_number": 202
      }
    ],
    "tests\\unit\\core\\types\\test_swarm_tasks.py": [
      {
        "type": "Base64 High Entropy String",
        "filename": "tests\\unit\\core\\types\\test_swarm_tasks.py",
        "hashed_secret": "ea3cbc1813962748839077624360773ff143fc41",
        "is_verified": false,
        "line_number": 45
      }
    ],
    "tests\\unit\\enrich\\test_enrich_settings.py": [
      {
        "type": "Secret Keyword",
        "filename": "tests\\unit\\enrich\\test_enrich_settings.py",
        "hashed_secret": "5211aec2cae524adf0dd3dd28c829adfe1863b7f",
        "is_verified": false,
        "line_number": 108
      },
      {
        "type": "Secret Keyword",
        "filename": "tests\\unit\\enrich\\test_enrich_settings.py",
        "hashed_secret": "1067aa4cc2a8f4b8ecc9dbd20a17e666273e324a",
        "is_verified": false,
        "line_number": 110
      },
      {
        "type": "Secret Keyword",
        "filename": "tests\\unit\\enrich\\test_enrich_settings.py",
        "hashed_secret": "2f1ace259cf52ba0005a74c8434ad35343b55967",
        "is_verified": false,
        "line_number": 290
      },
      {
        "type": "Secret Keyword",
        "filename": "tests\\unit\\enrich\\test_enrich_settings.py",
        "hashed_secret": "bc03084904577c7df54eee70142440f8aec43463",
        "is_verified": false,
        "line_number": 291
      },
      {
        "type": "Basic Auth Credentials",
        "filename": "tests\\unit\\enrich\\test_enrich_settings.py",
        "hashed_secret": "1a91d62f7ca67399625a4368a6ab5d4a3baa6073",
        "is_verified": false,
        "line_number": 293
      }
    ],
    "tests\\unit\\harness\\test_llm_settings.py": [
      {
        "type": "Secret Keyword",
        "filename": "tests\\unit\\harness\\test_llm_settings.py",
        "hashed_secret": "9cb9705654780583ea7f3f33c0366ab44e15752d",
        "is_verified": false,
        "line_number": 25
      },
      {
        "type": "Secret Keyword",
        "filename": "tests\\unit\\harness\\test_llm_settings.py",
        "hashed_secret": "b15c573bc06946737f2f76b918f8cc7730d066df",
        "is_verified": false,
        "line_number": 56
      },
      {
        "type": "Secret Keyword",
        "filename": "tests\\unit\\harness\\test_llm_settings.py",
        "hashed_secret": "ac977c3d5fe7cb93393623402b9adb2fb43583e3",
        "is_verified": false,
        "line_number": 222
      }
    ]
  },
  "generated_at": "2026-09-26T13:40:22Z"
}
